$ node 6 khal/glm-5.2 matrix-khal-glm-5-2 --tasks-dir /home/namastex/prod/rlmx/.genie/wishes/rlmx-explore-offload/parity/round2/train-tasks --recipe /home/namastex/prod/rlmx/.genie/wishes/rlmx-explore-offload/parity/round2/optimizer/gens/gen-1/recipe --agent explore-r --out-dir /home/namastex/prod/rlmx/.genie/wishes/rlmx-explore-offload/parity/round2/optimizer/matrix/khal_glm-5.2/runs --pin-child-model
[t6] agent=explore-r · iteration 1
[t6] agent=explore-r · working 30s
[t6] agent=explore-r · iteration 2
[t6] agent=explore-r · working 60s
[t6] agent=explore-r · iteration 2 · 1 recursive spawn
[t6] agent=explore-r · iteration 2 · 2 recursive spawns
[t6] agent=explore-r · iteration 2 · 3 recursive spawns
[t6] agent=explore-r · iteration 2 · 4 recursive spawns
[t6] agent=explore-r · working 90s
[t6] agent=explore-r · working 105s
[t6] agent=explore-r · working 120s
[t6] agent=explore-r · working 135s
[t6] agent=explore-r · working 150s
[t6] agent=explore-r · working 165s
[t6] agent=explore-r · working 180s
[t6] agent=explore-r · working 195s
[t6] agent=explore-r · working 210s
[t6] agent=explore-r · working 225s
[t6] agent=explore-r · working 240s
[t6] agent=explore-r · working 255s
[t6] agent=explore-r · working 270s
[t6] agent=explore-r · working 285s
[t6] agent=explore-r · working 300s
[t6] agent=explore-r · working 315s
[t6] agent=explore-r · working 330s
[t6] agent=explore-r · working 345s
[t6] agent=explore-r · working 360s
[t6] agent=explore-r · working 375s
[t6] agent=explore-r · working 390s
[t6] agent=explore-r · working 405s
[t6] agent=explore-r · working 420s
[t6] agent=explore-r · working 435s
[t6] agent=explore-r · working 450s
[t6] agent=explore-r · working 465s
[t6] agent=explore-r · working 480s
[t6] agent=explore-r · working 495s
[t6] agent=explore-r · working 510s
[t6] agent=explore-r · working 525s
[t6] agent=explore-r · working 540s
[t6] agent=explore-r · working 555s
[t6] agent=explore-r · working 570s
[t6] agent=explore-r · working 585s
[t6] agent=explore-r · working 601s
[t6] agent=explore-r · working 616s
[t6] agent=explore-r · working 631s
[t6] agent=explore-r · working 646s
[t6] agent=explore-r · working 661s
task 6 ERR 672.1s → /home/namastex/prod/rlmx/.genie/wishes/rlmx-explore-offload/parity/round2/optimizer/matrix/khal_glm-5.2/runs/task-6.json


--- score-task.mjs ---
{
  "task": 6,
  "arm": "rlmx",
  "model": "khal/glm-5.2",
  "answerChars": 67,
  "citations": 0,
  "c2": "PASS",
  "c3": "PASS",
  "factsNeed": "5/5",
  "factTermHits": 0,
  "factPathHits": 0,
  "out": "/home/namastex/prod/rlmx/.genie/wishes/rlmx-explore-offload/parity/round2/optimizer/matrix/khal_glm-5.2/runs/task-6.score.json"
}
