$ node 3 khal/glm-5.2 matrix-khal-glm-5-2 --tasks-dir /home/namastex/prod/rlmx/.genie/wishes/rlmx-explore-offload/parity/round2/train-tasks --recipe /home/namastex/prod/rlmx/.genie/wishes/rlmx-explore-offload/parity/round2/optimizer/gens/gen-1/recipe --agent explore-r --out-dir /home/namastex/prod/rlmx/.genie/wishes/rlmx-explore-offload/parity/round2/optimizer/matrix/khal_glm-5.2/runs --pin-child-model
[t3] agent=explore-r · iteration 1
[t3] agent=explore-r · iteration 2
[t3] agent=explore-r · working 30s
[t3] agent=explore-r · working 60s
[t3] agent=explore-r · iteration 3
[t3] agent=explore-r · iteration 3 · 1 recursive spawn
[t3] agent=explore-r · iteration 3 · 2 recursive spawns
[t3] agent=explore-r · iteration 3 · 3 recursive spawns
[t3] agent=explore-r · iteration 3 · 4 recursive spawns
[t3] agent=explore-r · working 90s
[t3] agent=explore-r · working 105s
[t3] agent=explore-r · working 120s
[t3] agent=explore-r · working 135s
[t3] agent=explore-r · working 150s
[t3] agent=explore-r · working 165s
[t3] agent=explore-r · working 180s
[t3] agent=explore-r · working 195s
[t3] agent=explore-r · working 210s
[t3] agent=explore-r · working 225s
[t3] agent=explore-r · working 240s
[t3] agent=explore-r · working 255s
[t3] agent=explore-r · working 270s
[t3] agent=explore-r · working 285s
[t3] agent=explore-r · working 300s
[t3] agent=explore-r · working 315s
[t3] agent=explore-r · working 330s
[t3] agent=explore-r · working 345s
[t3] agent=explore-r · working 360s
[t3] agent=explore-r · working 375s
[t3] agent=explore-r · working 390s
[t3] agent=explore-r · working 405s
[t3] agent=explore-r · working 420s
[t3] agent=explore-r · working 435s
[t3] agent=explore-r · working 450s
[t3] agent=explore-r · working 465s
[t3] agent=explore-r · working 480s
[t3] agent=explore-r · working 495s
[t3] agent=explore-r · working 510s
[t3] agent=explore-r · working 525s
[t3] agent=explore-r · working 540s
[t3] agent=explore-r · working 555s
[t3] agent=explore-r · iteration 4
[t3] agent=explore-r · working 585s
[t3] agent=explore-r · iteration 5
[t3] agent=explore-r · iteration 6
[t3] agent=explore-r · working 645s
[t3] agent=explore-r · working 660s
[t3] agent=explore-r · iteration 7
task 3 OK 678.3s → /home/namastex/prod/rlmx/.genie/wishes/rlmx-explore-offload/parity/round2/optimizer/matrix/khal_glm-5.2/runs/task-3.json
rlmx · agent=explore-r · khal/glm-5.2 · 7 iterations · 212,503 in / 42,543 out · $0.42 · 678.0s · session sess_055ff76e76a9b4e7

--- score-task.mjs ---
{
  "task": 3,
  "arm": "rlmx",
  "model": "khal/glm-5.2",
  "answerChars": 5123,
  "citations": 27,
  "c2": "PASS",
  "c3": "PASS",
  "factsNeed": "7/7",
  "factTermHits": 5,
  "factPathHits": 7,
  "out": "/home/namastex/prod/rlmx/.genie/wishes/rlmx-explore-offload/parity/round2/optimizer/matrix/khal_glm-5.2/runs/task-3.score.json"
}
