$ node 7 khal/glm-5.2 matrix-khal-glm-5-2 --tasks-dir /home/namastex/prod/rlmx/.genie/wishes/rlmx-explore-offload/parity/round2/train-tasks --recipe /home/namastex/prod/rlmx/.genie/wishes/rlmx-explore-offload/parity/round2/optimizer/gens/gen-1/recipe --agent explore-r --out-dir /home/namastex/prod/rlmx/.genie/wishes/rlmx-explore-offload/parity/round2/optimizer/matrix/khal_glm-5.2/runs --pin-child-model
[t7] agent=explore-r · iteration 1
[t7] agent=explore-r · working 30s
[t7] agent=explore-r · iteration 1 · 1 recursive spawn
[t7] agent=explore-r · iteration 1 · 2 recursive spawns
[t7] agent=explore-r · iteration 1 · 3 recursive spawns
[t7] agent=explore-r · iteration 1 · 4 recursive spawns
[t7] agent=explore-r · working 60s
[t7] agent=explore-r · working 75s
[t7] agent=explore-r · working 90s
[t7] agent=explore-r · working 105s
[t7] agent=explore-r · working 120s
[t7] agent=explore-r · iteration 2
[t7] agent=explore-r · iteration 3
[t7] agent=explore-r · iteration 4
[t7] agent=explore-r · iteration 5
task 7 OK 185.7s → /home/namastex/prod/rlmx/.genie/wishes/rlmx-explore-offload/parity/round2/optimizer/matrix/khal_glm-5.2/runs/task-7.json
rlmx · agent=explore-r · khal/glm-5.2 · 5 iterations · 202,921 in / 13,764 out · $0.27 · 185.5s · session sess_9ff30dd798e09072

--- score-task.mjs ---
{
  "task": 7,
  "arm": "rlmx",
  "model": "khal/glm-5.2",
  "answerChars": 2572,
  "citations": 15,
  "c2": "PASS",
  "c3": "PASS",
  "factsNeed": "6/6",
  "factTermHits": 5,
  "factPathHits": 6,
  "out": "/home/namastex/prod/rlmx/.genie/wishes/rlmx-explore-offload/parity/round2/optimizer/matrix/khal_glm-5.2/runs/task-7.score.json"
}
