$ node 4 khal/glm-5.2 matrix-khal-glm-5-2 --tasks-dir /home/namastex/prod/rlmx/.genie/wishes/rlmx-explore-offload/parity/round2/train-tasks --recipe /home/namastex/prod/rlmx/.genie/wishes/rlmx-explore-offload/parity/round2/optimizer/gens/gen-1/recipe --agent explore-r --out-dir /home/namastex/prod/rlmx/.genie/wishes/rlmx-explore-offload/parity/round2/optimizer/matrix/khal_glm-5.2/runs --pin-child-model
[t4] agent=explore-r · iteration 1
[t4] agent=explore-r · working 30s
[t4] agent=explore-r · working 45s
[t4] agent=explore-r · working 60s
[t4] agent=explore-r · working 75s
[t4] agent=explore-r · working 90s
[t4] agent=explore-r · working 105s
[t4] agent=explore-r · working 135s
[t4] agent=explore-r · working 150s
[t4] agent=explore-r · working 165s
[t4] agent=explore-r · working 180s
[t4] agent=explore-r · working 195s
[t4] agent=explore-r · working 210s
[t4] agent=explore-r · working 225s
[t4] agent=explore-r · working 240s
[t4] agent=explore-r · working 255s
[t4] agent=explore-r · working 270s
[t4] agent=explore-r · working 300s
[t4] agent=explore-r · working 315s
[t4] agent=explore-r · working 330s
[t4] agent=explore-r · working 345s
[t4] agent=explore-r · iteration 2
[t4] agent=explore-r · working 375s
[t4] agent=explore-r · iteration 2 · 1 recursive spawn
[t4] agent=explore-r · iteration 2 · 2 recursive spawns
[t4] agent=explore-r · iteration 2 · 3 recursive spawns
[t4] agent=explore-r · iteration 2 · 4 recursive spawns
[t4] agent=explore-r · working 405s
[t4] agent=explore-r · working 420s
[t4] agent=explore-r · working 435s
[t4] agent=explore-r · working 450s
[t4] agent=explore-r · working 465s
[t4] agent=explore-r · working 480s
[t4] agent=explore-r · iteration 3
[t4] agent=explore-r · iteration 4
[t4] agent=explore-r · iteration 5
[t4] agent=explore-r · working 525s
[t4] agent=explore-r · working 540s
[t4] agent=explore-r · working 555s
[t4] agent=explore-r · working 570s
[t4] agent=explore-r · working 585s
task 4 OK 595.6s → /home/namastex/prod/rlmx/.genie/wishes/rlmx-explore-offload/parity/round2/optimizer/matrix/khal_glm-5.2/runs/task-4.json
rlmx · agent=explore-r · khal/glm-5.2 · 5 iterations · 187,802 in / 32,133 out · $0.35 · 595.4s · session sess_2f4cd7a075d4b87e

--- score-task.mjs ---
{
  "task": 4,
  "arm": "rlmx",
  "model": "khal/glm-5.2",
  "answerChars": 5386,
  "citations": 32,
  "c2": "PASS",
  "c3": "PASS",
  "factsNeed": "6/6",
  "factTermHits": 6,
  "factPathHits": 6,
  "out": "/home/namastex/prod/rlmx/.genie/wishes/rlmx-explore-offload/parity/round2/optimizer/matrix/khal_glm-5.2/runs/task-4.score.json"
}
