$ node 8 khal/glm-5.2 matrix-khal-glm-5-2 --tasks-dir /home/namastex/prod/rlmx/.genie/wishes/rlmx-explore-offload/parity/round2/train-tasks --recipe /home/namastex/prod/rlmx/.genie/wishes/rlmx-explore-offload/parity/round2/optimizer/gens/gen-1/recipe --agent explore-r --out-dir /home/namastex/prod/rlmx/.genie/wishes/rlmx-explore-offload/parity/round2/optimizer/matrix/khal_glm-5.2/runs --pin-child-model
[t8] agent=explore-r · iteration 1
[t8] agent=explore-r · working 30s
[t8] agent=explore-r · working 60s
[t8] agent=explore-r · working 75s
[t8] agent=explore-r · working 90s
[t8] agent=explore-r · working 120s
[t8] agent=explore-r · working 135s
[t8] agent=explore-r · working 150s
[t8] agent=explore-r · working 180s
[t8] agent=explore-r · working 195s
[t8] agent=explore-r · working 225s
[t8] agent=explore-r · working 240s
[t8] agent=explore-r · working 270s
[t8] agent=explore-r · working 285s
[t8] agent=explore-r · working 300s
[t8] agent=explore-r · working 330s
[t8] agent=explore-r · iteration 1 · 1 recursive spawn
[t8] agent=explore-r · iteration 1 · 2 recursive spawns
[t8] agent=explore-r · iteration 1 · 3 recursive spawns
[t8] agent=explore-r · iteration 1 · 4 recursive spawns
[t8] agent=explore-r · working 360s
[t8] agent=explore-r · working 375s
[t8] agent=explore-r · working 390s
[t8] agent=explore-r · working 405s
[t8] agent=explore-r · working 420s
[t8] agent=explore-r · iteration 1 · 5 recursive spawns
[t8] agent=explore-r · iteration 1 · 6 recursive spawns
[t8] agent=explore-r · iteration 1 · 7 recursive spawns
[t8] agent=explore-r · iteration 1 · 8 recursive spawns
[t8] agent=explore-r · working 450s
[t8] agent=explore-r · working 465s
[t8] agent=explore-r · working 480s
[t8] agent=explore-r · working 495s
[t8] agent=explore-r · working 510s
[t8] agent=explore-r · iteration 1 · 9 recursive spawns
[t8] agent=explore-r · working 540s
[t8] agent=explore-r · working 555s
[t8] agent=explore-r · working 570s
[t8] agent=explore-r · working 585s
[t8] agent=explore-r · working 600s
[t8] agent=explore-r · working 615s
[t8] agent=explore-r · working 630s
[t8] agent=explore-r · working 645s
[t8] agent=explore-r · working 660s
[t8] agent=explore-r · working 675s
[t8] agent=explore-r · working 690s
[t8] agent=explore-r · working 705s
[t8] agent=explore-r · working 720s
[t8] agent=explore-r · working 735s
[t8] agent=explore-r · working 750s
[t8] agent=explore-r · working 765s
[t8] agent=explore-r · working 780s
[t8] agent=explore-r · working 795s
[t8] agent=explore-r · working 810s
[t8] agent=explore-r · working 825s
[t8] agent=explore-r · working 840s
[t8] agent=explore-r · working 855s
[t8] agent=explore-r · working 870s
[t8] agent=explore-r · working 885s
[t8] agent=explore-r · iteration 1 · 10 recursive spawns
[t8] agent=explore-r · working 915s
[t8] agent=explore-r · iteration 1 · 11 recursive spawns
[t8] agent=explore-r · working 945s
[t8] agent=explore-r · working 960s
[t8] agent=explore-r · working 975s
[t8] agent=explore-r · iteration 1 · 12 recursive spawns
[t8] agent=explore-r · working 1005s
[t8] agent=explore-r · working 1021s
[t8] agent=explore-r · working 1036s
[t8] agent=explore-r · iteration 1 · 13 recursive spawns
[t8] agent=explore-r · iteration 1 · 14 recursive spawns
[t8] agent=explore-r · working 1066s
[t8] agent=explore-r · working 1081s
[t8] agent=explore-r · working 1096s
[t8] agent=explore-r · working 1111s
[t8] agent=explore-r · working 1126s
[t8] agent=explore-r · working 1141s
task 8 OK 1150s → /home/namastex/prod/rlmx/.genie/wishes/rlmx-explore-offload/parity/round2/optimizer/matrix/khal_glm-5.2/runs/task-8.json
rlmx · agent=explore-r · khal/glm-5.2 · 1 iteration · 355,226 in / 60,479 out · $0.65 · 1149.8s · session sess_ad2738e887d4c714

--- score-task.mjs ---
{
  "task": 8,
  "arm": "rlmx",
  "model": "khal/glm-5.2",
  "answerChars": 1,
  "citations": 0,
  "c2": "PASS",
  "c3": "PASS",
  "factsNeed": "5/5",
  "factTermHits": 0,
  "factPathHits": 0,
  "out": "/home/namastex/prod/rlmx/.genie/wishes/rlmx-explore-offload/parity/round2/optimizer/matrix/khal_glm-5.2/runs/task-8.score.json"
}
