$ node 5 khal/glm-5.2 matrix-khal-glm-5-2 --tasks-dir /home/namastex/prod/rlmx/.genie/wishes/rlmx-explore-offload/parity/round2/train-tasks --recipe /home/namastex/prod/rlmx/.genie/wishes/rlmx-explore-offload/parity/round2/optimizer/gens/gen-1/recipe --agent explore-r --out-dir /home/namastex/prod/rlmx/.genie/wishes/rlmx-explore-offload/parity/round2/optimizer/matrix/khal_glm-5.2/runs --pin-child-model
[t5] agent=explore-r · iteration 1
[t5] agent=explore-r · iteration 2
[t5] agent=explore-r · working 30s
[t5] agent=explore-r · working 45s
[t5] agent=explore-r · iteration 2 · 1 recursive spawn
[t5] agent=explore-r · iteration 2 · 2 recursive spawns
[t5] agent=explore-r · iteration 2 · 3 recursive spawns
[t5] agent=explore-r · iteration 2 · 4 recursive spawns
[t5] agent=explore-r · working 75s
[t5] agent=explore-r · working 90s
[t5] agent=explore-r · working 105s
[t5] agent=explore-r · working 120s
[t5] agent=explore-r · working 135s
[t5] agent=explore-r · iteration 3
[t5] agent=explore-r · iteration 4
[t5] agent=explore-r · iteration 5
[t5] agent=explore-r · iteration 6
[t5] agent=explore-r · iteration 7
[t5] agent=explore-r · iteration 8
[t5] agent=explore-r · working 210s
task 5 OK 216.1s → /home/namastex/prod/rlmx/.genie/wishes/rlmx-explore-offload/parity/round2/optimizer/matrix/khal_glm-5.2/runs/task-5.json
rlmx · agent=explore-r · khal/glm-5.2 · 8 iterations · 158,475 in / 15,875 out · $0.26 · 215.9s · session sess_15162d87684a6cd7

--- score-task.mjs ---
{
  "task": 5,
  "arm": "rlmx",
  "model": "khal/glm-5.2",
  "answerChars": 4932,
  "citations": 27,
  "c2": "PASS",
  "c3": "PASS",
  "factsNeed": "5/5",
  "factTermHits": 4,
  "factPathHits": 5,
  "out": "/home/namastex/prod/rlmx/.genie/wishes/rlmx-explore-offload/parity/round2/optimizer/matrix/khal_glm-5.2/runs/task-5.score.json"
}
